Empty configmap:
  1: |
    apiVersion: v1
    data: null
    kind: ConfigMap
    metadata:
      annotations:
        app.mintel.com/placeholder: placeholder
      labels:
        app.kubernetes.io/managed-by: Helm
        app.mintel.com/env: local
        app.mintel.com/region: local
        name: test-app-config
      name: test-app-config
      namespace: test-namespace
Mixed singleline and  multiline data entries:
  1: |
    apiVersion: v1
    data:
      test1: |
        test data line 1
        test data line 2
        test data line 3
      test2: even more test data
    kind: ConfigMap
    metadata:
      annotations:
        app.mintel.com/placeholder: placeholder
      labels:
        app.kubernetes.io/managed-by: Helm
        app.mintel.com/env: local
        app.mintel.com/region: local
        name: test-app-config
      name: test-app-config
      namespace: test-namespace
Single multiline data entry:
  1: |
    apiVersion: v1
    data:
      test1: |
        test data line 1
        test data line 2
        test data line 3
    kind: ConfigMap
    metadata:
      annotations:
        app.mintel.com/placeholder: placeholder
      labels:
        app.kubernetes.io/managed-by: Helm
        app.mintel.com/env: local
        app.mintel.com/region: local
        name: test-app-config
      name: test-app-config
      namespace: test-namespace
Single singleline data entry:
  1: |
    apiVersion: v1
    data:
      test1: test-data
    kind: ConfigMap
    metadata:
      annotations:
        app.mintel.com/placeholder: placeholder
      labels:
        app.kubernetes.io/managed-by: Helm
        app.mintel.com/env: local
        app.mintel.com/region: local
        name: test-app-config
      name: test-app-config
      namespace: test-namespace
