Basic Service Account:
  1: |
    apiVersion: v1
    automountServiceAccountToken: true
    kind: ServiceAccount
    metadata:
      labels:
        app.kubernetes.io/managed-by: Helm
        app.mintel.com/env: local
        app.mintel.com/region: local
        name: test-app
      name: test
      namespace: test-namespace
