Check CronJob Default Overrides:
  1: |
    apiVersion: batch/v1
    kind: CronJob
    metadata:
      annotations:
        helm.sh/chart: standard-application-stack-5.4.0
      labels:
        app.kubernetes.io/component: daily
        app.kubernetes.io/managed-by: Helm
        app.kubernetes.io/name: example-app-daily
        app.mintel.com/env: qa
        app.mintel.com/region: ${CLUSTER_REGION}
        name: example-app-daily
      name: example-app-daily
      namespace: test-namespace
    spec:
      concurrencyPolicy: Allow
      jobTemplate:
        spec:
          template:
            metadata:
              labels:
                app.kubernetes.io/component: daily
                app.kubernetes.io/managed-by: Helm
                app.kubernetes.io/name: example-app-daily
                app.mintel.com/env: qa
                app.mintel.com/region: ${CLUSTER_REGION}
                name: example-app-daily
            spec:
              containers:
                - args:
                    - -c
                    - /app/docker-entrypoint.sh
                  command:
                    - /bin/sh
                  env:
                    - name: KUBERNETES_POD_NAMESPACE
                      valueFrom:
                        fieldRef:
                          fieldPath: metadata.namespace
                    - name: APP_ENVIRONMENT
                      value: qa
                    - name: RUNTIME_ENVIRONMENT
                      value: kubernetes
                  envFrom: null
                  image: registry.gitlab.com/test:v0.1.0
                  imagePullPolicy: IfNotPresent
                  name: main
              imagePullSecrets:
                - name: image-pull-gitlab
                - name: image-pull-docker-hub
              restartPolicy: OnFailure
              serviceAccountName: example-app
          ttlSecondsAfterFinished: 120
      schedule: 0 1 * * *
      suspend: true
Check CronJob Defaults:
  1: |
    apiVersion: batch/v1
    kind: CronJob
    metadata:
      annotations:
        helm.sh/chart: standard-application-stack-5.4.0
      labels:
        app.kubernetes.io/component: daily
        app.kubernetes.io/managed-by: Helm
        app.kubernetes.io/name: example-app-daily
        app.mintel.com/env: qa
        app.mintel.com/region: ${CLUSTER_REGION}
        name: example-app-daily
      name: example-app-daily
      namespace: test-namespace
    spec:
      concurrencyPolicy: Forbid
      jobTemplate:
        spec:
          template:
            metadata:
              labels:
                app.kubernetes.io/component: daily
                app.kubernetes.io/managed-by: Helm
                app.kubernetes.io/name: example-app-daily
                app.mintel.com/env: qa
                app.mintel.com/region: ${CLUSTER_REGION}
                name: example-app-daily
            spec:
              containers:
                - args:
                    - -c
                    - /app/docker-entrypoint.sh
                  command:
                    - /bin/sh
                  env:
                    - name: KUBERNETES_POD_NAMESPACE
                      valueFrom:
                        fieldRef:
                          fieldPath: metadata.namespace
                    - name: APP_ENVIRONMENT
                      value: qa
                    - name: RUNTIME_ENVIRONMENT
                      value: kubernetes
                  envFrom: null
                  image: registry.gitlab.com/test:v0.1.0
                  imagePullPolicy: IfNotPresent
                  name: main
              imagePullSecrets:
                - name: image-pull-gitlab
                - name: image-pull-docker-hub
              restartPolicy: Never
              serviceAccountName: example-app
          ttlSecondsAfterFinished: 60
      schedule: 0 0 * * *
      suspend: false
Check CronJob Job Overrides:
  1: |
    apiVersion: batch/v1
    kind: CronJob
    metadata:
      annotations:
        helm.sh/chart: standard-application-stack-5.4.0
      labels:
        app.kubernetes.io/component: daily
        app.kubernetes.io/managed-by: Helm
        app.kubernetes.io/name: example-app-daily
        app.mintel.com/env: qa
        app.mintel.com/region: ${CLUSTER_REGION}
        name: example-app-daily
      name: example-app-daily
      namespace: test-namespace
    spec:
      concurrencyPolicy: Allow
      jobTemplate:
        spec:
          template:
            metadata:
              labels:
                app.kubernetes.io/component: daily
                app.kubernetes.io/managed-by: Helm
                app.kubernetes.io/name: example-app-daily
                app.mintel.com/env: qa
                app.mintel.com/region: ${CLUSTER_REGION}
                name: example-app-daily
            spec:
              containers:
                - args:
                    - -c
                    - /app/docker-entrypoint.sh
                  command:
                    - /bin/sh
                  env:
                    - name: KUBERNETES_POD_NAMESPACE
                      valueFrom:
                        fieldRef:
                          fieldPath: metadata.namespace
                    - name: APP_ENVIRONMENT
                      value: qa
                    - name: RUNTIME_ENVIRONMENT
                      value: kubernetes
                  envFrom: null
                  image: registry.gitlab.com/test:v0.1.0
                  imagePullPolicy: IfNotPresent
                  name: main
              imagePullSecrets:
                - name: image-pull-gitlab
                - name: image-pull-docker-hub
              restartPolicy: OnFailure
              serviceAccountName: example-app
          ttlSecondsAfterFinished: 120
      schedule: 0 1 * * *
      suspend: true
Check CronJob ttlSecondsAfterFinished zero value:
  1: |
    apiVersion: batch/v1
    kind: CronJob
    metadata:
      annotations:
        helm.sh/chart: standard-application-stack-5.4.0
      labels:
        app.kubernetes.io/component: daily
        app.kubernetes.io/managed-by: Helm
        app.kubernetes.io/name: example-app-daily
        app.mintel.com/env: qa
        app.mintel.com/region: ${CLUSTER_REGION}
        name: example-app-daily
      name: example-app-daily
      namespace: test-namespace
    spec:
      concurrencyPolicy: Forbid
      jobTemplate:
        spec:
          template:
            metadata:
              labels:
                app.kubernetes.io/component: daily
                app.kubernetes.io/managed-by: Helm
                app.kubernetes.io/name: example-app-daily
                app.mintel.com/env: qa
                app.mintel.com/region: ${CLUSTER_REGION}
                name: example-app-daily
            spec:
              containers:
                - args:
                    - -c
                    - /app/docker-entrypoint.sh
                  command:
                    - /bin/sh
                  env:
                    - name: KUBERNETES_POD_NAMESPACE
                      valueFrom:
                        fieldRef:
                          fieldPath: metadata.namespace
                    - name: APP_ENVIRONMENT
                      value: qa
                    - name: RUNTIME_ENVIRONMENT
                      value: kubernetes
                  envFrom: null
                  image: registry.gitlab.com/test:v0.1.0
                  imagePullPolicy: IfNotPresent
                  name: main
              imagePullSecrets:
                - name: image-pull-gitlab
                - name: image-pull-docker-hub
              restartPolicy: Never
              serviceAccountName: example-app
      schedule: 0 1 * * *
      suspend: false
