Check container extraPorts:
  1: |
    apiVersion: apps/v1
    kind: Deployment
    metadata:
      annotations:
        helm.sh/chart: standard-application-stack-5.0.0
        secret.reloader.stakater.com/reload: example-app-app
      labels:
        app.kubernetes.io/component: app
        app.kubernetes.io/managed-by: Helm
        app.kubernetes.io/name: example-app
        app.mintel.com/env: qa
        app.mintel.com/region: ${CLUSTER_REGION}
        name: example-app
      name: example-app
      namespace: test-namespace
    spec:
      minReadySeconds: 10
      replicas: 2
      selector:
        matchLabels:
          app.kubernetes.io/component: app
          app.kubernetes.io/name: example-app
      strategy:
        rollingUpdate:
          maxSurge: 15%
          maxUnavailable: 10%
        type: RollingUpdate
      template:
        metadata:
          annotations: null
          labels:
            app.kubernetes.io/component: app
            app.kubernetes.io/managed-by: Helm
            app.kubernetes.io/name: example-app
            app.mintel.com/env: qa
            app.mintel.com/region: ${CLUSTER_REGION}
            name: example-app
        spec:
          containers:
            - command:
                - /app/docker-entrypoint.sh
              env:
                - name: KUBERNETES_POD_NAMESPACE
                  valueFrom:
                    fieldRef:
                      fieldPath: metadata.namespace
                - name: APP_ENVIRONMENT
                  value: qa
                - name: RUNTIME_ENVIRONMENT
                  value: kubernetes
              envFrom:
                - secretRef:
                    name: example-app-app
              image: registry.gitlab.com/test:v0.1.0
              imagePullPolicy: IfNotPresent
              livenessProbe:
                httpGet:
                  path: /healthz
                  port: http
                  scheme: HTTP
                initialDelaySeconds: 0
                periodSeconds: 10
                timeoutSeconds: 1
              name: main
              ports:
                - containerPort: 8000
                  name: http
                - containerPort: 8001
                  name: extra-port-1
                - containerPort: 8002
                  name: extra-port-2
              readinessProbe:
                httpGet:
                  path: /readiness
                  port: http
                  scheme: HTTP
                initialDelaySeconds: 0
                periodSeconds: 10
                timeoutSeconds: 1
              resources:
                limits: {}
                requests: {}
              startupProbe:
                failureThreshold: 60
                httpGet:
                  path: /healthz
                  port: http
                  scheme: HTTP
                periodSeconds: 5
          imagePullSecrets:
            - name: image-pull-gitlab
            - name: image-pull-docker-hub
          securityContext:
            runAsUser: 1000
          serviceAccountName: example-app
          terminationGracePeriodSeconds: 30
          topologySpreadConstraints:
            - labelSelector:
                matchLabels:
                  app.kubernetes.io/component: app
                  app.kubernetes.io/name: example-app
              maxSkew: 1
              topologyKey: topology.kubernetes.io/zone
              whenUnsatisfiable: DoNotSchedule
          volumes: null
Check container extraPorts are validated:
  1: |
    apiVersion: apps/v1
    kind: Deployment
    metadata:
      annotations:
        helm.sh/chart: standard-application-stack-5.0.0
        secret.reloader.stakater.com/reload: example-app-app
      labels:
        app.kubernetes.io/component: app
        app.kubernetes.io/managed-by: Helm
        app.kubernetes.io/name: example-app
        app.mintel.com/env: qa
        app.mintel.com/region: ${CLUSTER_REGION}
        name: example-app
      name: example-app
      namespace: test-namespace
    spec:
      minReadySeconds: 10
      replicas: 2
      selector:
        matchLabels:
          app.kubernetes.io/component: app
          app.kubernetes.io/name: example-app
      strategy:
        rollingUpdate:
          maxSurge: 15%
          maxUnavailable: 10%
        type: RollingUpdate
      template:
        metadata:
          annotations: null
          labels:
            app.kubernetes.io/component: app
            app.kubernetes.io/managed-by: Helm
            app.kubernetes.io/name: example-app
            app.mintel.com/env: qa
            app.mintel.com/region: ${CLUSTER_REGION}
            name: example-app
        spec:
          containers:
            - command:
                - /app/docker-entrypoint.sh
              env:
                - name: KUBERNETES_POD_NAMESPACE
                  valueFrom:
                    fieldRef:
                      fieldPath: metadata.namespace
                - name: APP_ENVIRONMENT
                  value: qa
                - name: RUNTIME_ENVIRONMENT
                  value: kubernetes
              envFrom:
                - secretRef:
                    name: example-app-app
              image: registry.gitlab.com/test:v0.1.0
              imagePullPolicy: IfNotPresent
              livenessProbe:
                httpGet:
                  path: /healthz
                  port: http
                  scheme: HTTP
                initialDelaySeconds: 0
                periodSeconds: 10
                timeoutSeconds: 1
              name: main
              ports:
                - containerPort: 8000
                  name: http
                - containerPort: 8001
                  name: extra-port-1
                - containerPort: 8002
                  name: extra-port-2
                - containerPort: 8003
                  name: extra-port-3
              readinessProbe:
                httpGet:
                  path: /readiness
                  port: http
                  scheme: HTTP
                initialDelaySeconds: 0
                periodSeconds: 10
                timeoutSeconds: 1
              resources:
                limits: {}
                requests: {}
              startupProbe:
                failureThreshold: 60
                httpGet:
                  path: /healthz
                  port: http
                  scheme: HTTP
                periodSeconds: 5
          imagePullSecrets:
            - name: image-pull-gitlab
            - name: image-pull-docker-hub
          securityContext:
            runAsUser: 1000
          serviceAccountName: example-app
          terminationGracePeriodSeconds: 30
          topologySpreadConstraints:
            - labelSelector:
                matchLabels:
                  app.kubernetes.io/component: app
                  app.kubernetes.io/name: example-app
              maxSkew: 1
              topologyKey: topology.kubernetes.io/zone
              whenUnsatisfiable: DoNotSchedule
          volumes: null
Check container extraPorts protocol:
  1: |
    apiVersion: apps/v1
    kind: Deployment
    metadata:
      annotations:
        helm.sh/chart: standard-application-stack-5.0.0
        secret.reloader.stakater.com/reload: example-app-app
      labels:
        app.kubernetes.io/component: app
        app.kubernetes.io/managed-by: Helm
        app.kubernetes.io/name: example-app
        app.mintel.com/env: qa
        app.mintel.com/region: ${CLUSTER_REGION}
        name: example-app
      name: example-app
      namespace: test-namespace
    spec:
      minReadySeconds: 10
      replicas: 2
      selector:
        matchLabels:
          app.kubernetes.io/component: app
          app.kubernetes.io/name: example-app
      strategy:
        rollingUpdate:
          maxSurge: 15%
          maxUnavailable: 10%
        type: RollingUpdate
      template:
        metadata:
          annotations: null
          labels:
            app.kubernetes.io/component: app
            app.kubernetes.io/managed-by: Helm
            app.kubernetes.io/name: example-app
            app.mintel.com/env: qa
            app.mintel.com/region: ${CLUSTER_REGION}
            name: example-app
        spec:
          containers:
            - command:
                - /app/docker-entrypoint.sh
              env:
                - name: KUBERNETES_POD_NAMESPACE
                  valueFrom:
                    fieldRef:
                      fieldPath: metadata.namespace
                - name: APP_ENVIRONMENT
                  value: qa
                - name: RUNTIME_ENVIRONMENT
                  value: kubernetes
              envFrom:
                - secretRef:
                    name: example-app-app
              image: registry.gitlab.com/test:v0.1.0
              imagePullPolicy: IfNotPresent
              livenessProbe:
                httpGet:
                  path: /healthz
                  port: http
                  scheme: HTTP
                initialDelaySeconds: 0
                periodSeconds: 10
                timeoutSeconds: 1
              name: main
              ports:
                - containerPort: 8000
                  name: http
                - containerPort: 8001
                  name: extra-port-1
                - containerPort: 8002
                  name: extra-port-2
                  protocol: UDP
              readinessProbe:
                httpGet:
                  path: /readiness
                  port: http
                  scheme: HTTP
                initialDelaySeconds: 0
                periodSeconds: 10
                timeoutSeconds: 1
              resources:
                limits: {}
                requests: {}
              startupProbe:
                failureThreshold: 60
                httpGet:
                  path: /healthz
                  port: http
                  scheme: HTTP
                periodSeconds: 5
          imagePullSecrets:
            - name: image-pull-gitlab
            - name: image-pull-docker-hub
          securityContext:
            runAsUser: 1000
          serviceAccountName: example-app
          terminationGracePeriodSeconds: 30
          topologySpreadConstraints:
            - labelSelector:
                matchLabels:
                  app.kubernetes.io/component: app
                  app.kubernetes.io/name: example-app
              maxSkew: 1
              topologyKey: topology.kubernetes.io/zone
              whenUnsatisfiable: DoNotSchedule
          volumes: null
Check container hybrid cloud ports:
  1: |
    apiVersion: apps/v1
    kind: Deployment
    metadata:
      annotations:
        helm.sh/chart: standard-application-stack-5.0.0
        secret.reloader.stakater.com/reload: example-app-app
      labels:
        app.kubernetes.io/component: app
        app.kubernetes.io/managed-by: Helm
        app.kubernetes.io/name: example-app
        app.mintel.com/env: qa
        app.mintel.com/region: ${CLUSTER_REGION}
        name: example-app
      name: example-app
      namespace: test-namespace
    spec:
      minReadySeconds: 10
      replicas: 2
      selector:
        matchLabels:
          app.kubernetes.io/component: app
          app.kubernetes.io/name: example-app
      strategy:
        rollingUpdate:
          maxSurge: 15%
          maxUnavailable: 10%
        type: RollingUpdate
      template:
        metadata:
          annotations:
            consul.hashicorp.com/connect-inject: "true"
          labels:
            app.kubernetes.io/component: app
            app.kubernetes.io/managed-by: Helm
            app.kubernetes.io/name: example-app
            app.mintel.com/env: qa
            app.mintel.com/region: ${CLUSTER_REGION}
            name: example-app
        spec:
          containers:
            - command:
                - /app/docker-entrypoint.sh
              env:
                - name: KUBERNETES_POD_NAMESPACE
                  valueFrom:
                    fieldRef:
                      fieldPath: metadata.namespace
                - name: APP_ENVIRONMENT
                  value: qa
                - name: RUNTIME_ENVIRONMENT
                  value: kubernetes
              envFrom:
                - secretRef:
                    name: example-app-app
              image: registry.gitlab.com/test:v0.1.0
              imagePullPolicy: IfNotPresent
              livenessProbe:
                httpGet:
                  path: /healthz
                  port: http
                  scheme: HTTP
                initialDelaySeconds: 0
                periodSeconds: 10
                timeoutSeconds: 1
              name: main
              ports:
                - containerPort: 8000
                  name: http
                - containerPort: 20200
                  name: consul-metrics
                - containerPort: 20000
                  name: consul-proxy
              readinessProbe:
                httpGet:
                  path: /readiness
                  port: http
                  scheme: HTTP
                initialDelaySeconds: 0
                periodSeconds: 10
                timeoutSeconds: 1
              resources:
                limits: {}
                requests: {}
              startupProbe:
                failureThreshold: 60
                httpGet:
                  path: /healthz
                  port: http
                  scheme: HTTP
                periodSeconds: 5
          imagePullSecrets:
            - name: image-pull-gitlab
            - name: image-pull-docker-hub
          securityContext:
            runAsUser: 1000
          serviceAccountName: example-app
          terminationGracePeriodSeconds: 30
          topologySpreadConstraints:
            - labelSelector:
                matchLabels:
                  app.kubernetes.io/component: app
                  app.kubernetes.io/name: example-app
              maxSkew: 1
              topologyKey: topology.kubernetes.io/zone
              whenUnsatisfiable: DoNotSchedule
          volumes: null
Check default container main port:
  1: |
    apiVersion: apps/v1
    kind: Deployment
    metadata:
      annotations:
        helm.sh/chart: standard-application-stack-5.0.0
        secret.reloader.stakater.com/reload: example-app-app
      labels:
        app.kubernetes.io/component: app
        app.kubernetes.io/managed-by: Helm
        app.kubernetes.io/name: example-app
        app.mintel.com/env: qa
        app.mintel.com/region: ${CLUSTER_REGION}
        name: example-app
      name: example-app
      namespace: test-namespace
    spec:
      minReadySeconds: 10
      replicas: 2
      selector:
        matchLabels:
          app.kubernetes.io/component: app
          app.kubernetes.io/name: example-app
      strategy:
        rollingUpdate:
          maxSurge: 15%
          maxUnavailable: 10%
        type: RollingUpdate
      template:
        metadata:
          annotations: null
          labels:
            app.kubernetes.io/component: app
            app.kubernetes.io/managed-by: Helm
            app.kubernetes.io/name: example-app
            app.mintel.com/env: qa
            app.mintel.com/region: ${CLUSTER_REGION}
            name: example-app
        spec:
          containers:
            - command:
                - /app/docker-entrypoint.sh
              env:
                - name: KUBERNETES_POD_NAMESPACE
                  valueFrom:
                    fieldRef:
                      fieldPath: metadata.namespace
                - name: APP_ENVIRONMENT
                  value: qa
                - name: RUNTIME_ENVIRONMENT
                  value: kubernetes
              envFrom:
                - secretRef:
                    name: example-app-app
              image: registry.gitlab.com/test:v0.1.0
              imagePullPolicy: IfNotPresent
              livenessProbe:
                httpGet:
                  path: /healthz
                  port: http
                  scheme: HTTP
                initialDelaySeconds: 0
                periodSeconds: 10
                timeoutSeconds: 1
              name: main
              ports:
                - containerPort: 8000
                  name: http
              readinessProbe:
                httpGet:
                  path: /readiness
                  port: http
                  scheme: HTTP
                initialDelaySeconds: 0
                periodSeconds: 10
                timeoutSeconds: 1
              resources:
                limits: {}
                requests: {}
              startupProbe:
                failureThreshold: 60
                httpGet:
                  path: /healthz
                  port: http
                  scheme: HTTP
                periodSeconds: 5
          imagePullSecrets:
            - name: image-pull-gitlab
            - name: image-pull-docker-hub
          securityContext:
            runAsUser: 1000
          serviceAccountName: example-app
          terminationGracePeriodSeconds: 30
          topologySpreadConstraints:
            - labelSelector:
                matchLabels:
                  app.kubernetes.io/component: app
                  app.kubernetes.io/name: example-app
              maxSkew: 1
              topologyKey: topology.kubernetes.io/zone
              whenUnsatisfiable: DoNotSchedule
          volumes: null
Check overridden container main port:
  1: |
    apiVersion: apps/v1
    kind: Deployment
    metadata:
      annotations:
        helm.sh/chart: standard-application-stack-5.0.0
        secret.reloader.stakater.com/reload: example-app-app
      labels:
        app.kubernetes.io/component: app
        app.kubernetes.io/managed-by: Helm
        app.kubernetes.io/name: example-app
        app.mintel.com/env: qa
        app.mintel.com/region: ${CLUSTER_REGION}
        name: example-app
      name: example-app
      namespace: test-namespace
    spec:
      minReadySeconds: 10
      replicas: 2
      selector:
        matchLabels:
          app.kubernetes.io/component: app
          app.kubernetes.io/name: example-app
      strategy:
        rollingUpdate:
          maxSurge: 15%
          maxUnavailable: 10%
        type: RollingUpdate
      template:
        metadata:
          annotations: null
          labels:
            app.kubernetes.io/component: app
            app.kubernetes.io/managed-by: Helm
            app.kubernetes.io/name: example-app
            app.mintel.com/env: qa
            app.mintel.com/region: ${CLUSTER_REGION}
            name: example-app
        spec:
          containers:
            - command:
                - /app/docker-entrypoint.sh
              env:
                - name: KUBERNETES_POD_NAMESPACE
                  valueFrom:
                    fieldRef:
                      fieldPath: metadata.namespace
                - name: APP_ENVIRONMENT
                  value: qa
                - name: RUNTIME_ENVIRONMENT
                  value: kubernetes
              envFrom:
                - secretRef:
                    name: example-app-app
              image: registry.gitlab.com/test:v0.1.0
              imagePullPolicy: IfNotPresent
              livenessProbe:
                httpGet:
                  path: /healthz
                  port: http
                  scheme: HTTP
                initialDelaySeconds: 0
                periodSeconds: 10
                timeoutSeconds: 1
              name: main
              ports:
                - containerPort: 9000
                  name: http
              readinessProbe:
                httpGet:
                  path: /readiness
                  port: http
                  scheme: HTTP
                initialDelaySeconds: 0
                periodSeconds: 10
                timeoutSeconds: 1
              resources:
                limits: {}
                requests: {}
              startupProbe:
                failureThreshold: 60
                httpGet:
                  path: /healthz
                  port: http
                  scheme: HTTP
                periodSeconds: 5
          imagePullSecrets:
            - name: image-pull-gitlab
            - name: image-pull-docker-hub
          securityContext:
            runAsUser: 1000
          serviceAccountName: example-app
          terminationGracePeriodSeconds: 30
          topologySpreadConstraints:
            - labelSelector:
                matchLabels:
                  app.kubernetes.io/component: app
                  app.kubernetes.io/name: example-app
              maxSkew: 1
              topologyKey: topology.kubernetes.io/zone
              whenUnsatisfiable: DoNotSchedule
          volumes: null
