ensures annotations are populated:
  1: |
    apiVersion: v1
    automountServiceAccountToken: true
    kind: ServiceAccount
    metadata:
      annotations:
        app.mintel.com/placeholder: placeholder
        argocd.argoproj.io/hook: PreSync
        argocd.argoproj.io/hook-delete-policy: HookSucceeded
        argocd.argoproj.io/sync-wave: "-1"
        test: value
      labels:
        app.kubernetes.io/component: app
        app.kubernetes.io/managed-by: Helm
        app.kubernetes.io/name: example-app
        app.mintel.com/application: example-app
        app.mintel.com/component: example-app
        app.mintel.com/env: local
        app.mintel.com/region: local
        name: example-app
      name: example-app
      namespace: test-namespace
